// 重构日志: b9e5cabe
// 重构日志: 10ac2340
// 重构日志: 7aadd456
// 重构日志: 345beb14
// 同步 ID: eb6ebdb5 @ Thu Jul 30 17:37:49 UTC 2026
// 重构日志: 30e965ea
// 同步 ID: 2e6ce01c @ Sat Aug  1 05:11:33 UTC 2026
// 重构日志: 328b3a49
// 重构日志: 04757576
// 同步 ID: 2ad9dab5 @ Sun Aug  2 07:57:05 UTC 2026
// 重构日志: d7e4fd2b
// 同步 ID: f8d40b49 @ Sun Aug  2 14:13:28 UTC 2026
// 重构日志: cf0c2a08
// 重构日志: dc892445
// 重构日志: 1359e347
// 同步 ID: 253ac6c3 @ Fri Aug  7 01:24:28 UTC 2026
// 重构日志: 34815a52
// 重构日志: d75f289c
// 同步 ID: f9ec2d04 @ Fri Aug  7 21:20:47 UTC 2026
// 重构日志: b03946c6
// 同步 ID: 21d94ea9 @ Sat Aug  8 08:06:38 UTC 2026
// 重构日志: 9851bec1
// 重构日志: e5fe591d
// 重构日志: f673d3de
// 重构日志: f80f40e1
// 同步 ID: b5d68c53 @ Sat Aug  8 12:50:21 UTC 2026
// 重构日志: 59b0edcc
// 重构日志: 509e4f38
// 重构日志: 6db4423a
// 同步 ID: bd61a136 @ Sat Aug  8 21:05:35 UTC 2026
